src/app/admin/finances/page.tsx(87,50): error TS2554: Expected 0-1 arguments, but got 2.
src/app/admin/finances/page.tsx(100,23): error TS2339: Property 'email' does not exist on type 'Donation'.
src/app/admin/finances/page.tsx(114,22): error TS2339: Property 'email' does not exist on type 'Donation'.
